============================================================
开始优化测试...
============================================================

配置: population_size=20, num_generations=10
============================================================
[NSGA-II] 开始三目标优化...
  种群大小: 20
  迭代代数: 10
  时间窗口数: 32
  优化目标: 等待时间 + 碳排放 + 运营成本
  车辆数约束: ≤ 200 趟/日
============================================================
gen	nevals	avg                                        	min                                  	std                                           
0  	20    	[3.8396000e+00 5.4973080e+03 2.3074875e+04]	[3.37700e+00 4.46688e+03 1.80600e+04]	[3.34179203e-01 4.82320916e+02 2.35882902e+03]
1  	20    	[3.8771000e+00 5.3314920e+03 2.2429875e+04]	[3.272000e+00 4.466880e+03 1.757625e+04]	[3.86296894e-01 5.59177202e+02 2.82482203e+03]
2  	20    	[3.87700000e+00 5.27904000e+03 2.22766875e+04]	[3.272000e+00 4.297680e+03 1.757625e+04]	[3.89915760e-01 5.65441997e+02 2.73948279e+03]
3  	20    	[3.8246500e+00 5.2908840e+03 2.2300875e+04]   	[3.272000e+00 4.297680e+03 1.757625e+04]	[3.85681381e-01 5.61812797e+02 2.78785348e+03]
4  	20    	[3.74065000e+00 5.39748000e+03 2.28894375e+04]	[3.272000e+00 4.297680e+03 1.757625e+04]	[3.77428705e-01 6.35210242e+02 3.19766312e+03]
5  	20    	[3.77590000e+00 5.28073200e+03 2.23250625e+04]	[3.239000e+00 4.297680e+03 1.757625e+04]	[3.67456651e-01 5.93356682e+02 2.95112832e+03]
6  	20    	[3.82460000e+00 5.20628400e+03 2.18574375e+04]	[3.239000e+00 4.297680e+03 1.757625e+04]	[3.84759977e-01 6.08581612e+02 3.02938715e+03]
7  	20    	[3.85700000e+00 5.10814800e+03 2.12608125e+04]	[3.235000e+00 4.297680e+03 1.725375e+04]	[3.91813604e-01 5.49050741e+02 2.72663928e+03]
8  	20    	[3.85880000e+00 5.07769200e+03 2.10673125e+04]	[3.235000e+00 4.297680e+03 1.725375e+04]	[3.97020226e-01 5.44863409e+02 2.76216826e+03]
9  	20    	[3.853000e+00 5.037084e+03 2.083350e+04]      	[3.231000e+00 4.297680e+03 1.693125e+04]	[4.08354625e-01 5.31866952e+02 2.69369561e+03]
10 	20    	[3.82590000e+00 5.02693200e+03 2.07931875e+04]	[3.179000e+00 4.297680e+03 1.693125e+04]	[4.08328287e-01 5.56199803e+02 2.83427552e+03]
[基线方案] 固定 12 分钟间隔:
  等待时间: 6.000 分钟
  碳排放:   3248.64 kg CO2
  运营成本:   10320.00 元
[推荐] 警告：没有找到满足约束的解（等待时间≤6.0，碳排放≤3573.5）
  Pareto 前沿中最小碳排放 = 4297.68 kg
  建议：放宽约束或增加优化迭代次数

[完成] Pareto 最优解数: 27
[保存] 优化结果已保存: run_20260625_100355.json

============================================================
优化完成！
============================================================

基线方案:
  等待时间: 6.000 分钟
  碳排放: 3248.64 kg

Pareto 前沿: 27 个解

推荐方案: 空（没有满足约束的解）
